node.exe : npm warn Unknown env config "devdir". This will stop working in the next major version of npm. See `npm 
help npmrc` for supported config options.
En línea: 1 Carácter: 1
+ & "C:\Program Files\nodejs/node.exe" "C:\Program Files\nodejs/node_mo ...
+ ~~~~~~~~~~~~~~~~~~~~~~~~~~~~~~~~~~~~~~~~~~~~~~~~~~~~~~~~~~~~~~~~~~~~~
    + CategoryInfo          : NotSpecified: (npm warn Unknow...config options.:String) [], RemoteException
    + FullyQualifiedErrorId : NativeCommandError
 

> neuro-enfoco@0.1.0 build
> next build

Ôû▓ Next.js 16.2.7 (Turbopack)

  Creating an optimized production build ...
Ô£ô Compiled successfully in 7.3s
  Running TypeScript ...
  Finished TypeScript in 8.1s ...
  Collecting page data using 11 workers ...
  Generating static pages using 11 workers (0/21) ...
  Generating static pages using 11 workers (5/21) 
  Generating static pages using 11 workers (10/21) 
  Generating static pages using 11 workers (15/21) 
Ô£ô Generating static pages using 11 workers (21/21) in 1034ms
  Finalizing page optimization ...

Route (app)
Ôöî Ôùï /
Ôö£ Ôùï /_not-found
Ôö£ ãÆ /api/analytics/estudiantes
Ôö£ ãÆ /api/analytics/insights
Ôö£ ãÆ /api/analytics/intervenciones
Ôö£ ãÆ /api/analytics/objetivos
Ôö£ Ôùï /estudiantes
Ôö£ ãÆ /estudiantes/[id]
Ôö£ Ôùï /estudiantes/ingreso
Ôö£ Ôùï /estudiantes/nuevo
Ôö£ ãÆ /evaluaciones/[id]
Ôö£ ãÆ /evaluaciones/[id]/planificar
Ôö£ Ôùï /evaluaciones/nueva
Ôö£ Ôùï /intervenciones
Ôö£ Ôùï /intervenciones/nueva
Ôö£ Ôùï /objetivos
Ôö£ ãÆ /objetivos/[id]
Ôö£ ãÆ /objetivos/[id]/editar
Ôö£ Ôùï /objetivos/nuevo
Ôö£ ãÆ /paci/[id]
Ôö£ Ôùï /paci/nuevo
Ôö£ Ôùï /profesionales
Ôö£ ãÆ /profesionales/[id]/editar
Ôö£ Ôùï /profesionales/nuevo
Ôö£ Ôùï /sesiones
Ôöö Ôùï /sesiones/nueva


Ôùï  (Static)   prerendered as static content
ãÆ  (Dynamic)  server-rendered on demand

